// Jest Snapshot v1, https://goo.gl/fbAQLP

exports[`<Action /> default show render all buttons 1`] = `
<div>
  <div
    class="env-template-action"
  >
    <div
      class="env-template-action-left"
    >
      <button
        class="ant-btn ant-btn-primary"
        type="button"
      >
        <span
          aria-label="plus"
          class="anticon anticon-plus"
          role="img"
        >
          <svg
            aria-hidden="true"
            data-icon="plus"
            fill="currentColor"
            focusable="false"
            height="1em"
            viewBox="64 64 896 896"
            width="1em"
          >
            <defs>
              <style />
            </defs>
            <path
              d="M482 152h60q8 0 8 8v704q0 8-8 8h-60q-8 0-8-8V160q0-8 8-8z"
            />
            <path
              d="M176 474h672q8 0 8 8v60q0 8-8 8H176q-8 0-8-8v-60q0-8 8-8z"
            />
          </svg>
        </span>
        <span>
          新建
        </span>
      </button>
      <button
        class="ant-btn ant-btn-primary ant-btn-dangerous"
        type="button"
      >
        <span
          aria-label="delete"
          class="anticon anticon-delete"
          role="img"
        >
          <svg
            aria-hidden="true"
            data-icon="delete"
            fill="currentColor"
            focusable="false"
            height="1em"
            viewBox="64 64 896 896"
            width="1em"
          >
            <path
              d="M360 184h-8c4.4 0 8-3.6 8-8v8h304v-8c0 4.4 3.6 8 8 8h-8v72h72v-80c0-35.3-28.7-64-64-64H352c-35.3 0-64 28.7-64 64v80h72v-72zm504 72H160c-17.7 0-32 14.3-32 32v32c0 4.4 3.6 8 8 8h60.4l24.7 523c1.6 34.1 29.8 61 63.9 61h454c34.2 0 62.3-26.8 63.9-61l24.7-523H888c4.4 0 8-3.6 8-8v-32c0-17.7-14.3-32-32-32zM731.3 840H292.7l-24.2-512h487l-24.2 512z"
            />
          </svg>
        </span>
        <span>
          删除
        </span>
      </button>
      <button
        class="ant-btn ant-btn-primary env-template-action-btn__more"
        type="button"
      >
        <span
          aria-label="menu"
          class="anticon anticon-menu"
          role="img"
        >
          <svg
            aria-hidden="true"
            data-icon="menu"
            fill="currentColor"
            focusable="false"
            height="1em"
            viewBox="64 64 896 896"
            width="1em"
          >
            <path
              d="M904 160H120c-4.4 0-8 3.6-8 8v64c0 4.4 3.6 8 8 8h784c4.4 0 8-3.6 8-8v-64c0-4.4-3.6-8-8-8zm0 624H120c-4.4 0-8 3.6-8 8v64c0 4.4 3.6 8 8 8h784c4.4 0 8-3.6 8-8v-64c0-4.4-3.6-8-8-8zm0-312H120c-4.4 0-8 3.6-8 8v64c0 4.4 3.6 8 8 8h784c4.4 0 8-3.6 8-8v-64c0-4.4-3.6-8-8-8z"
            />
          </svg>
        </span>
        <span>
          更多
        </span>
      </button>
    </div>
    <div
      class="env-template-action-right"
    >
      <button
        class="ant-btn env-template-action-btn__table"
        type="button"
      >
        <span
          class="iconfont icon-ai238"
        />
        <span
          aria-label="caret-down"
          class="anticon anticon-caret-down"
          role="img"
        >
          <svg
            aria-hidden="true"
            data-icon="caret-down"
            fill="currentColor"
            focusable="false"
            height="1em"
            viewBox="0 0 1024 1024"
            width="1em"
          >
            <path
              d="M840.4 300H183.6c-19.7 0-30.7 20.8-18.5 35l328.4 380.8c9.4 10.9 27.5 10.9 37 0L858.9 335c12.2-14.2 1.2-35-18.5-35z"
            />
          </svg>
        </span>
      </button>
      <button
        class="ant-btn env-template-action-btn__export"
        type="button"
      >
        <span
          class="iconfont icon-daochu"
        />
        <span
          aria-label="caret-down"
          class="anticon anticon-caret-down"
          role="img"
        >
          <svg
            aria-hidden="true"
            data-icon="caret-down"
            fill="currentColor"
            focusable="false"
            height="1em"
            viewBox="0 0 1024 1024"
            width="1em"
          >
            <path
              d="M840.4 300H183.6c-19.7 0-30.7 20.8-18.5 35l328.4 380.8c9.4 10.9 27.5 10.9 37 0L858.9 335c12.2-14.2 1.2-35-18.5-35z"
            />
          </svg>
        </span>
      </button>
    </div>
  </div>
</div>
`;
